device=cpu; regime=EE; d=0.001; R0=1.188119; m=1e-6
model-derived window edges: 0.0, 250.0, 600.0, 1090.0, 1776.0, 2736.4, 4081.0, 5963.3, 8598.7, 11598.7, 14598.7, 17598.7, 20000.0
window 1/12: [0.0, 250.0], init=(4999700.0,200.0,100.0)
  physics=3.934e-05; abs RMS residuals=(0.529, 0.0906, 0.16); end=(4993704.2,479.7,857.7)
window 2/12: [250.0, 600.0], init=(4993704.2,479.7,857.7)
  physics=1.002e-07; abs RMS residuals=(0.0995, 0.0238, 0.0813); end=(4943303.7,3588.3,6475.5)
window 3/12: [600.0, 1090.0], init=(4943303.7,3588.3,6475.5)
  physics=7.449e-08; abs RMS residuals=(0.732, 0.311, 0.548); end=(4475884.7,19107.7,37546.5)
window 4/12: [1090.0, 1776.0], init=(4475884.7,19107.7,37546.5)
  physics=2.401e-08; abs RMS residuals=(4.54, 0.144, 0.386); end=(4018765.1,6771.3,14104.4)
window 5/12: [1776.0, 2736.4], init=(4018765.1,6771.3,14104.4)
  physics=1.202e-08; abs RMS residuals=(2.04, 0.0392, 0.107); end=(4300097.4,3547.0,7027.1)
window 6/12: [2736.4, 4081.0], init=(4300097.4,3547.0,7027.1)
  physics=1.273e-07; abs RMS residuals=(9.02, 0.107, 0.456); end=(4263292.6,7774.1,15571.5)
window 7/12: [4081.0, 5963.3], init=(4263292.6,7774.1,15571.5)
  physics=1.018e-07; abs RMS residuals=(8.35, 0.157, 0.398); end=(4273221.6,5989.9,11952.9)
window 8/12: [5963.3, 8598.7], init=(4273221.6,5989.9,11952.9)
  physics=1.431e-07; abs RMS residuals=(9.06, 0.154, 0.444); end=(4263337.0,6301.8,12600.7)
window 9/12: [8598.7, 11598.7], init=(4263337.0,6301.8,12600.7)
  physics=7.348e-09; abs RMS residuals=(2.58, 0.0322, 0.0773); end=(4260438.5,6242.4,12486.3)
window 10/12: [11598.7, 14598.7], init=(4260438.5,6242.4,12486.3)
  physics=1.649e-09; abs RMS residuals=(0.399, 0.0326, 0.0412); end=(4261213.0,6235.5,12470.8)
window 11/12: [14598.7, 17598.7], init=(4261213.0,6235.5,12470.8)
  physics=3.910e-10; abs RMS residuals=(0.213, 0.0168, 0.0168); end=(4261394.1,6233.6,12466.8)
window 12/12: [17598.7, 20000.0], init=(4261394.1,6233.6,12466.8)
  physics=2.172e-10; abs RMS residuals=(0.172, 0.0122, 0.013); end=(4261106.5,6236.2,12472.5)
training complete; starting independent RK4 validation
validation metrics:
  S: relL2=5.1512e-04, R2=0.999944, NRMSE=2.3104e-03, maxAE=9122
  E: relL2=9.0641e-03, R2=0.999721, NRMSE=3.4628e-03, maxAE=313.4
  I: relL2=9.2196e-03, R2=0.999713, NRMSE=3.5005e-03, maxAE=634.1
analytic equilibrium (diagnostic only): [4261135.21949563    6234.46086862   12468.92173724]
PINN endpoint: [4261106.45437258    6236.20213157   12472.49406111] relative endpoint-equilibrium error: [-6.75057739e-06  2.79296477e-04  2.86498219e-04]
saved outputs to /kaggle/working/NSSR-Project/SEI_Model/sei_publication_seeds012/EE_m1e-6_seed1
