device=cpu; regime=DFE; d=0.1; R0=0.600000; m=1e-6
model-derived window edges: 0.0, 250.0, 600.0, 1090.0, 1776.0, 2736.4, 4081.0, 5963.3, 8598.7, 11598.7, 14598.7, 17598.7, 20000.0
window 1/12: [0.0, 250.0], init=(4999700.0,200.0,100.0)
  physics=3.361e-05; abs RMS residuals=(0.111, 0.0339, 0.0671); end=(4999276.6,0.8,2.4)
window 2/12: [250.0, 600.0], init=(4999276.6,0.8,2.4)
  physics=3.674e-07; abs RMS residuals=(0.00295, 4.76e-05, 5.43e-05); end=(4999483.8,0.0,0.0)
window 3/12: [600.0, 1090.0], init=(4999483.8,0.0,0.0)
  physics=3.080e-07; abs RMS residuals=(0.00112, 1.21e-08, 4.91e-08); end=(4999683.7,0.0,0.0)
window 4/12: [1090.0, 1776.0], init=(4999683.7,0.0,0.0)
  physics=7.602e-07; abs RMS residuals=(0.000402, 4.18e-10, 2.33e-10); end=(4999840.7,0.0,0.0)
window 5/12: [1776.0, 2736.4], init=(4999840.7,0.0,0.0)
  physics=6.046e-08; abs RMS residuals=(0.000223, 4.71e-10, 2.12e-10); end=(4999939.0,0.0,0.0)
window 6/12: [2736.4, 4081.0], init=(4999939.0,0.0,0.0)
  physics=6.190e-08; abs RMS residuals=(8.85e-05, 4.04e-10, 1.85e-10); end=(4999984.1,0.0,0.0)
window 7/12: [4081.0, 5963.3], init=(4999984.1,0.0,0.0)
  physics=5.928e-08; abs RMS residuals=(2.57e-05, 3.46e-10, 1.61e-10); end=(4999997.6,0.0,0.0)
window 8/12: [5963.3, 8598.7], init=(4999997.6,0.0,0.0)
  physics=3.582e-08; abs RMS residuals=(3.59e-06, 2.97e-10, 1.39e-10); end=(4999999.8,0.0,0.0)
window 9/12: [8598.7, 11598.7], init=(4999999.8,0.0,0.0)
  physics=1.931e-08; abs RMS residuals=(1.91e-07, 2.81e-10, 1.32e-10); end=(5000000.0,0.0,0.0)
window 10/12: [11598.7, 14598.7], init=(5000000.0,0.0,0.0)
  physics=8.179e-08; abs RMS residuals=(6.69e-09, 2.81e-10, 1.32e-10); end=(5000000.0,0.0,0.0)
window 11/12: [14598.7, 17598.7], init=(5000000.0,0.0,0.0)
  physics=5.448e-08; abs RMS residuals=(8.2e-10, 2.81e-10, 1.32e-10); end=(5000000.0,0.0,0.0)
window 12/12: [17598.7, 20000.0], init=(5000000.0,0.0,0.0)
  physics=3.175e-08; abs RMS residuals=(3.71e-11, 3.1e-10, 1.45e-10); end=(5000000.0,0.0,0.0)
training complete; starting independent RK4 validation
validation metrics:
  S: relL2=3.2475e-07, R2=0.999957, NRMSE=2.1437e-03, maxAE=8.975
  E: relL2=9.2801e-03, R2=0.999912, NRMSE=3.9570e-04, maxAE=0.7875
  I: relL2=1.3469e-02, R2=0.999811, NRMSE=1.5625e-03, maxAE=2.375
analytic equilibrium (diagnostic only): [5000000.       0.       0.]
PINN endpoint: [5.00000000e+06 1.21268649e-09 3.31604535e-09] relative endpoint-equilibrium error: [-4.62681055e-13  1.21268649e-09  3.31604535e-09]
saved outputs to /kaggle/working/NSSR-Project/SEI_Model/sei_publication_seeds012/DFE_m1e-6_seed0
