device=cpu; regime=DFE; d=0.1; R0=0.600000; m=6e-6
model-derived window edges: 0.0, 250.0, 600.0, 1090.0, 1776.0, 2736.4, 4081.0, 5963.3, 8598.7, 11598.7, 14598.7, 17598.7, 20000.0
window 1/12: [0.0, 250.0], init=(4999700.0,200.0,100.0)
  physics=7.620e-05; abs RMS residuals=(0.162, 0.0548, 0.0832); end=(4999276.9,0.8,2.4)
window 2/12: [250.0, 600.0], init=(4999276.9,0.8,2.4)
  physics=3.654e-07; abs RMS residuals=(0.00203, 6.54e-05, 3.9e-05); end=(4999484.2,0.0,0.0)
window 3/12: [600.0, 1090.0], init=(4999484.2,0.0,0.0)
  physics=3.591e-07; abs RMS residuals=(0.0028, 2.32e-08, 1.05e-07); end=(4999683.6,0.0,0.0)
window 4/12: [1090.0, 1776.0], init=(4999683.6,0.0,0.0)
  physics=9.998e-07; abs RMS residuals=(0.000653, 4.18e-10, 2.33e-10); end=(4999840.7,0.0,0.0)
window 5/12: [1776.0, 2736.4], init=(4999840.7,0.0,0.0)
  physics=1.629e-08; abs RMS residuals=(0.000155, 4.71e-10, 2.12e-10); end=(4999939.0,0.0,0.0)
window 6/12: [2736.4, 4081.0], init=(4999939.0,0.0,0.0)
  physics=4.571e-08; abs RMS residuals=(6.45e-05, 4.04e-10, 1.85e-10); end=(4999984.1,0.0,0.0)
window 7/12: [4081.0, 5963.3], init=(4999984.1,0.0,0.0)
  physics=2.128e-08; abs RMS residuals=(1.39e-05, 3.46e-10, 1.61e-10); end=(4999997.6,0.0,0.0)
window 8/12: [5963.3, 8598.7], init=(4999997.6,0.0,0.0)
  physics=4.862e-08; abs RMS residuals=(1.5e-06, 2.97e-10, 1.39e-10); end=(4999999.8,0.0,0.0)
window 9/12: [8598.7, 11598.7], init=(4999999.8,0.0,0.0)
  physics=1.166e-07; abs RMS residuals=(2.65e-07, 2.8e-10, 1.32e-10); end=(5000000.0,0.0,0.0)
window 10/12: [11598.7, 14598.7], init=(5000000.0,0.0,0.0)
  physics=4.798e-08; abs RMS residuals=(1.59e-08, 2.81e-10, 1.32e-10); end=(5000000.0,0.0,0.0)
window 11/12: [14598.7, 17598.7], init=(5000000.0,0.0,0.0)
  physics=2.444e-08; abs RMS residuals=(6.58e-10, 2.81e-10, 1.32e-10); end=(5000000.0,0.0,0.0)
window 12/12: [17598.7, 20000.0], init=(5000000.0,0.0,0.0)
  physics=5.274e-08; abs RMS residuals=(2.99e-11, 3.1e-10, 1.45e-10); end=(5000000.0,0.0,0.0)
training complete; starting independent RK4 validation
validation metrics:
  S: relL2=1.7487e-07, R2=0.999987, NRMSE=1.1551e-03, maxAE=3.857
  E: relL2=9.7660e-03, R2=0.999902, NRMSE=4.1628e-04, maxAE=1.337
  I: relL2=1.2117e-02, R2=0.999847, NRMSE=1.4052e-03, maxAE=2.537
analytic equilibrium (diagnostic only): [5000000.       0.       0.]
PINN endpoint: [5.00000000e+06 1.21100489e-09 3.31250125e-09] relative endpoint-equilibrium error: [-4.63612378e-13  1.21100489e-09  3.31250125e-09]
saved outputs to /kaggle/working/NSSR-Project/SEI_Model/sei_publication_seeds012/DFE_m6e-6_seed2
