device=cpu; regime=DFE; d=0.1; R0=0.600000; m=1e-6
model-derived window edges: 0.0, 250.0, 600.0, 1090.0, 1776.0, 2736.4, 4081.0, 5963.3, 8598.7, 11598.7, 14598.7, 17598.7, 20000.0
window 1/12: [0.0, 250.0], init=(4999700.0,200.0,100.0)
  physics=2.534e-05; abs RMS residuals=(0.0435, 0.0219, 0.0688); end=(4999278.1,0.8,2.4)
window 2/12: [250.0, 600.0], init=(4999278.1,0.8,2.4)
  physics=2.007e-07; abs RMS residuals=(0.00302, 1e-05, 2.98e-05); end=(4999484.7,0.0,0.0)
window 3/12: [600.0, 1090.0], init=(4999484.7,0.0,0.0)
  physics=4.493e-07; abs RMS residuals=(0.00332, 1.09e-08, 5.22e-08); end=(4999684.7,0.0,0.0)
window 4/12: [1090.0, 1776.0], init=(4999684.7,0.0,0.0)
  physics=9.182e-07; abs RMS residuals=(0.00148, 4.18e-10, 2.33e-10); end=(4999841.2,0.0,0.0)
window 5/12: [1776.0, 2736.4], init=(4999841.2,0.0,0.0)
  physics=2.989e-08; abs RMS residuals=(0.000166, 4.71e-10, 2.12e-10); end=(4999939.2,0.0,0.0)
window 6/12: [2736.4, 4081.0], init=(4999939.2,0.0,0.0)
  physics=2.621e-08; abs RMS residuals=(6.48e-05, 4.04e-10, 1.85e-10); end=(4999984.2,0.0,0.0)
window 7/12: [4081.0, 5963.3], init=(4999984.2,0.0,0.0)
  physics=2.739e-08; abs RMS residuals=(2.31e-05, 3.46e-10, 1.61e-10); end=(4999997.6,0.0,0.0)
window 8/12: [5963.3, 8598.7], init=(4999997.6,0.0,0.0)
  physics=8.590e-08; abs RMS residuals=(1.36e-06, 2.97e-10, 1.39e-10); end=(4999999.8,0.0,0.0)
window 9/12: [8598.7, 11598.7], init=(4999999.8,0.0,0.0)
  physics=2.991e-08; abs RMS residuals=(1.54e-07, 2.81e-10, 1.32e-10); end=(5000000.0,0.0,0.0)
window 10/12: [11598.7, 14598.7], init=(5000000.0,0.0,0.0)
  physics=1.719e-08; abs RMS residuals=(6.56e-09, 2.81e-10, 1.32e-10); end=(5000000.0,0.0,0.0)
window 11/12: [14598.7, 17598.7], init=(5000000.0,0.0,0.0)
  physics=4.917e-08; abs RMS residuals=(4.8e-10, 2.81e-10, 1.32e-10); end=(5000000.0,0.0,0.0)
window 12/12: [17598.7, 20000.0], init=(5000000.0,0.0,0.0)
  physics=2.908e-08; abs RMS residuals=(2.8e-11, 3.1e-10, 1.45e-10); end=(5000000.0,0.0,0.0)
training complete; starting independent RK4 validation
validation metrics:
  S: relL2=6.9353e-08, R2=0.999998, NRMSE=4.5782e-04, maxAE=2.106
  E: relL2=5.7477e-03, R2=0.999966, NRMSE=2.4508e-04, maxAE=0.4747
  I: relL2=8.4092e-03, R2=0.999926, NRMSE=9.7552e-04, maxAE=1.453
analytic equilibrium (diagnostic only): [5000000.       0.       0.]
PINN endpoint: [5.00000000e+06 1.21626896e-09 3.31641678e-09] relative endpoint-equilibrium error: [-4.59142029e-13  1.21626896e-09  3.31641678e-09]
saved outputs to /kaggle/working/NSSR-Project/SEI_Model/sei_publication_seeds012/DFE_m1e-6_seed1
