device=cpu; regime=DFE; d=0.1; R0=0.600000; m=1e-6
model-derived window edges: 0.0, 250.0, 600.0, 1090.0, 1776.0, 2736.4, 4081.0, 5963.3, 8598.7, 11598.7, 14598.7, 17598.7, 20000.0
window 1/12: [0.0, 250.0], init=(4999700.0,200.0,100.0)
  physics=2.629e-05; abs RMS residuals=(0.0892, 0.0216, 0.0662); end=(4999276.4,0.8,2.4)
window 2/12: [250.0, 600.0], init=(4999276.4,0.8,2.4)
  physics=3.627e-07; abs RMS residuals=(0.00398, 1.54e-05, 6.13e-05); end=(4999484.2,0.0,0.0)
window 3/12: [600.0, 1090.0], init=(4999484.2,0.0,0.0)
  physics=3.362e-07; abs RMS residuals=(0.00334, 3.54e-08, 9.83e-08); end=(4999684.2,0.0,0.0)
window 4/12: [1090.0, 1776.0], init=(4999684.2,0.0,0.0)
  physics=9.883e-07; abs RMS residuals=(0.000467, 4.18e-10, 2.33e-10); end=(4999841.0,0.0,0.0)
window 5/12: [1776.0, 2736.4], init=(4999841.0,0.0,0.0)
  physics=3.491e-08; abs RMS residuals=(0.000142, 4.71e-10, 2.12e-10); end=(4999939.1,0.0,0.0)
window 6/12: [2736.4, 4081.0], init=(4999939.1,0.0,0.0)
  physics=5.387e-08; abs RMS residuals=(4.62e-05, 4.04e-10, 1.85e-10); end=(4999984.1,0.0,0.0)
window 7/12: [4081.0, 5963.3], init=(4999984.1,0.0,0.0)
  physics=5.727e-08; abs RMS residuals=(2.85e-05, 3.46e-10, 1.61e-10); end=(4999997.6,0.0,0.0)
window 8/12: [5963.3, 8598.7], init=(4999997.6,0.0,0.0)
  physics=3.854e-08; abs RMS residuals=(1.3e-06, 2.97e-10, 1.39e-10); end=(4999999.8,0.0,0.0)
window 9/12: [8598.7, 11598.7], init=(4999999.8,0.0,0.0)
  physics=3.702e-08; abs RMS residuals=(2.13e-07, 2.81e-10, 1.32e-10); end=(5000000.0,0.0,0.0)
window 10/12: [11598.7, 14598.7], init=(5000000.0,0.0,0.0)
  physics=5.205e-08; abs RMS residuals=(7.48e-09, 2.81e-10, 1.32e-10); end=(5000000.0,0.0,0.0)
window 11/12: [14598.7, 17598.7], init=(5000000.0,0.0,0.0)
  physics=5.544e-08; abs RMS residuals=(9.56e-10, 2.8e-10, 1.32e-10); end=(5000000.0,0.0,0.0)
window 12/12: [17598.7, 20000.0], init=(5000000.0,0.0,0.0)
  physics=5.677e-08; abs RMS residuals=(2.85e-11, 3.1e-10, 1.45e-10); end=(5000000.0,0.0,0.0)
training complete; starting independent RK4 validation
validation metrics:
  S: relL2=1.5053e-07, R2=0.999991, NRMSE=9.9368e-04, maxAE=3.603
  E: relL2=5.3564e-03, R2=0.999971, NRMSE=2.2840e-04, maxAE=0.5559
  I: relL2=8.1405e-03, R2=0.999931, NRMSE=9.4436e-04, maxAE=1.392
analytic equilibrium (diagnostic only): [5000000.       0.       0.]
PINN endpoint: [5.00000000e+06 1.21676551e-09 3.31236872e-09] relative endpoint-equilibrium error: [-4.60818410e-13  1.21676551e-09  3.31236872e-09]
saved outputs to /kaggle/working/NSSR-Project/SEI_Model/sei_publication_seeds012/DFE_m1e-6_seed2
