device=cpu; regime=DFE; d=0.1; R0=0.600000; m=0
model-derived window edges: 0.0, 250.0, 600.0, 1090.0, 1776.0, 2736.4, 4081.0, 5963.3, 8598.7, 11598.7, 14598.7, 17598.7, 20000.0
window 1/12: [0.0, 250.0], init=(4999700.0,200.0,100.0)
  physics=3.180e-05; abs RMS residuals=(0.0766, 0.0393, 0.0691); end=(4999280.8,0.8,2.4)
window 2/12: [250.0, 600.0], init=(4999280.8,0.8,2.4)
  physics=2.147e-07; abs RMS residuals=(0.0022, 1.38e-05, 1.5e-05); end=(4999486.7,0.0,0.0)
window 3/12: [600.0, 1090.0], init=(4999486.7,0.0,0.0)
  physics=5.142e-07; abs RMS residuals=(0.00137, 2.37e-08, 5.85e-08); end=(4999685.4,0.0,0.0)
window 4/12: [1090.0, 1776.0], init=(4999685.4,0.0,0.0)
  physics=7.427e-07; abs RMS residuals=(0.000407, 4.18e-10, 2.33e-10); end=(4999841.6,0.0,0.0)
window 5/12: [1776.0, 2736.4], init=(4999841.6,0.0,0.0)
  physics=8.359e-08; abs RMS residuals=(0.000168, 4.71e-10, 2.12e-10); end=(4999939.4,0.0,0.0)
window 6/12: [2736.4, 4081.0], init=(4999939.4,0.0,0.0)
  physics=6.218e-08; abs RMS residuals=(7.99e-05, 4.04e-10, 1.85e-10); end=(4999984.2,0.0,0.0)
window 7/12: [4081.0, 5963.3], init=(4999984.2,0.0,0.0)
  physics=4.088e-08; abs RMS residuals=(2.02e-05, 3.46e-10, 1.61e-10); end=(4999997.6,0.0,0.0)
window 8/12: [5963.3, 8598.7], init=(4999997.6,0.0,0.0)
  physics=1.933e-08; abs RMS residuals=(5.48e-06, 2.97e-10, 1.39e-10); end=(4999999.8,0.0,0.0)
window 9/12: [8598.7, 11598.7], init=(4999999.8,0.0,0.0)
  physics=4.119e-08; abs RMS residuals=(2.25e-07, 2.8e-10, 1.32e-10); end=(5000000.0,0.0,0.0)
window 10/12: [11598.7, 14598.7], init=(5000000.0,0.0,0.0)
  physics=3.130e-08; abs RMS residuals=(5.8e-09, 2.81e-10, 1.32e-10); end=(5000000.0,0.0,0.0)
window 11/12: [14598.7, 17598.7], init=(5000000.0,0.0,0.0)
  physics=7.792e-08; abs RMS residuals=(3.59e-10, 2.81e-10, 1.32e-10); end=(5000000.0,0.0,0.0)
window 12/12: [17598.7, 20000.0], init=(5000000.0,0.0,0.0)
  physics=2.634e-08; abs RMS residuals=(2.01e-11, 3.1e-10, 1.45e-10); end=(5000000.0,0.0,0.0)
training complete; starting independent RK4 validation
validation metrics:
  S: relL2=2.2629e-07, R2=0.999979, NRMSE=1.4936e-03, maxAE=4.697
  E: relL2=7.9716e-03, R2=0.999935, NRMSE=3.3994e-04, maxAE=0.7115
  I: relL2=1.0345e-02, R2=0.999888, NRMSE=1.2001e-03, maxAE=1.826
analytic equilibrium (diagnostic only): [5000000.       0.       0.]
PINN endpoint: [5.00000000e+06 1.21243624e-09 3.31282423e-09] relative endpoint-equilibrium error: [-4.60818410e-13  1.21243624e-09  3.31282423e-09]
saved outputs to /kaggle/working/NSSR-Project/SEI_Model/sei_publication_seeds012/DFE_m0_seed0
