device=cpu; regime=EE; d=0.001; R0=1.188119; m=1e-6
model-derived window edges: 0.0, 250.0, 600.0, 1090.0, 1776.0, 2736.4, 4081.0, 5963.3, 8598.7, 11598.7, 14598.7, 17598.7, 20000.0
window 1/12: [0.0, 250.0], init=(4999700.0,200.0,100.0)
  physics=3.439e-05; abs RMS residuals=(0.46, 0.0907, 0.161); end=(4993756.3,478.9,855.6)
window 2/12: [250.0, 600.0], init=(4993756.3,478.9,855.6)
  physics=9.636e-08; abs RMS residuals=(0.19, 0.0358, 0.0791); end=(4943434.3,3584.4,6468.2)
window 3/12: [600.0, 1090.0], init=(4943434.3,3584.4,6468.2)
  physics=2.664e-08; abs RMS residuals=(0.753, 0.212, 0.218); end=(4476348.5,19085.8,37499.8)
window 4/12: [1090.0, 1776.0], init=(4476348.5,19085.8,37499.8)
  physics=3.954e-08; abs RMS residuals=(5.57, 0.158, 0.48); end=(4019086.2,6774.2,14109.6)
window 5/12: [1776.0, 2736.4], init=(4019086.2,6774.2,14109.6)
  physics=1.463e-08; abs RMS residuals=(1.86, 0.0514, 0.118); end=(4300703.0,3545.7,7023.8)
window 6/12: [2736.4, 4081.0], init=(4300703.0,3545.7,7023.8)
  physics=2.962e-07; abs RMS residuals=(14.6, 0.129, 0.589); end=(4266185.3,7790.3,15598.9)
window 7/12: [4081.0, 5963.3], init=(4266185.3,7790.3,15598.9)
  physics=3.278e-08; abs RMS residuals=(4.6, 0.0699, 0.228); end=(4277549.6,5924.6,11813.7)
window 8/12: [5963.3, 8598.7], init=(4277549.6,5924.6,11813.7)
  physics=5.611e-08; abs RMS residuals=(5.95, 0.0956, 0.277); end=(4261097.4,6123.7,12245.7)
window 9/12: [8598.7, 11598.7], init=(4261097.4,6123.7,12245.7)
  physics=1.973e-08; abs RMS residuals=(4.57, 0.0393, 0.11); end=(4262424.8,6229.6,12456.5)
window 10/12: [11598.7, 14598.7], init=(4262424.8,6229.6,12456.5)
  physics=1.162e-09; abs RMS residuals=(0.533, 0.0216, 0.0419); end=(4261174.0,6237.9,12475.9)
window 11/12: [14598.7, 17598.7], init=(4261174.0,6237.9,12475.9)
  physics=6.311e-10; abs RMS residuals=(0.2, 0.0212, 0.0235); end=(4261073.7,6233.6,12467.4)
window 12/12: [17598.7, 20000.0], init=(4261073.7,6233.6,12467.4)
  physics=6.327e-10; abs RMS residuals=(0.243, 0.0216, 0.0212); end=(4261164.8,6234.4,12468.8)
training complete; starting independent RK4 validation
validation metrics:
  S: relL2=3.7778e-04, R2=0.999970, NRMSE=1.6944e-03, maxAE=6311
  E: relL2=5.8575e-03, R2=0.999884, NRMSE=2.2378e-03, maxAE=167.6
  I: relL2=5.9322e-03, R2=0.999881, NRMSE=2.2523e-03, maxAE=336.2
analytic equilibrium (diagnostic only): [4261135.21949563    6234.46086862   12468.92173724]
PINN endpoint: [4261164.76110584    6234.42314165   12468.79231164] relative endpoint-equilibrium error: [ 6.93280281e-06 -6.05135954e-06 -1.03798551e-05]
saved outputs to /kaggle/working/NSSR-Project/SEI_Model/sei_publication_seeds012/EE_m1e-6_seed2
