device=cpu; regime=EE; d=0.001; R0=1.188119; m=6e-6
model-derived window edges: 0.0, 250.0, 600.0, 1090.0, 1776.0, 2736.4, 4081.0, 5963.3, 8598.7, 11598.7, 14598.7, 17598.7, 20000.0
window 1/12: [0.0, 250.0], init=(4999700.0,200.0,100.0)
  physics=2.112e-05; abs RMS residuals=(0.199, 0.088, 0.144); end=(4993835.3,464.0,829.4)
window 2/12: [250.0, 600.0], init=(4993835.3,464.0,829.4)
  physics=1.547e-07; abs RMS residuals=(0.171, 0.0508, 0.053); end=(4949615.6,2951.2,5411.1)
window 3/12: [600.0, 1090.0], init=(4949615.6,2951.2,5411.1)
  physics=1.187e-07; abs RMS residuals=(1.3, 0.188, 0.381); end=(4704842.2,8634.4,17159.0)
window 4/12: [1090.0, 1776.0], init=(4704842.2,8634.4,17159.0)
  physics=9.255e-09; abs RMS residuals=(1.87, 0.0344, 0.0874); end=(4456468.1,6202.4,12556.2)
window 5/12: [1776.0, 2736.4], init=(4456468.1,6202.4,12556.2)
  physics=1.019e-08; abs RMS residuals=(1.81, 0.0405, 0.11); end=(4440244.2,4622.2,9256.6)
window 6/12: [2736.4, 4081.0], init=(4440244.2,4622.2,9256.6)
  physics=3.085e-08; abs RMS residuals=(2.16, 0.0728, 0.175); end=(4459544.9,4749.9,9493.5)
window 7/12: [4081.0, 5963.3], init=(4459544.9,4749.9,9493.5)
  physics=8.730e-09; abs RMS residuals=(1.11, 0.0359, 0.102); end=(4457609.6,4805.6,9612.2)
window 8/12: [5963.3, 8598.7], init=(4457609.6,4805.6,9612.2)
  physics=7.683e-10; abs RMS residuals=(0.438, 0.0138, 0.0214); end=(4457274.4,4787.4,9574.6)
window 9/12: [8598.7, 11598.7], init=(4457274.4,4787.4,9574.6)
  physics=2.044e-09; abs RMS residuals=(0.327, 0.0296, 0.0302); end=(4457352.0,4790.7,9581.2)
window 10/12: [11598.7, 14598.7], init=(4457352.0,4790.7,9581.2)
  physics=3.276e-09; abs RMS residuals=(0.312, 0.0375, 0.0406); end=(4457541.6,4791.9,9583.5)
window 11/12: [14598.7, 17598.7], init=(4457541.6,4791.9,9583.5)
  physics=1.143e-09; abs RMS residuals=(0.389, 0.0218, 0.0184); end=(4457407.9,4790.3,9580.4)
window 12/12: [17598.7, 20000.0], init=(4457407.9,4790.3,9580.4)
  physics=4.726e-10; abs RMS residuals=(0.367, 0.0114, 0.0138); end=(4457510.3,4789.8,9579.3)
training complete; starting independent RK4 validation
validation metrics:
  S: relL2=9.3708e-05, R2=0.999996, NRMSE=7.5481e-04, maxAE=1658
  E: relL2=2.0525e-03, R2=0.999974, NRMSE=1.1829e-03, maxAE=36.01
  I: relL2=2.1326e-03, R2=0.999972, NRMSE=1.2158e-03, maxAE=75.88
analytic equilibrium (diagnostic only): [4457312.98050019    4789.95227003    9579.90454006]
PINN endpoint: [4457510.25926638    4789.79540668    9579.3377144 ] relative endpoint-equilibrium error: [ 4.42595723e-05 -3.27484164e-05 -5.91681948e-05]
saved outputs to /kaggle/working/NSSR-Project/SEI_Model/sei_publication_seeds012/EE_m6e-6_seed0
