device=cpu; regime=EE; d=0.001; R0=1.188119; m=0
model-derived window edges: 0.0, 250.0, 600.0, 1090.0, 1776.0, 2736.4, 4081.0, 5963.3, 8598.7, 11598.7, 14598.7, 17598.7, 20000.0
window 1/12: [0.0, 250.0], init=(4999700.0,200.0,100.0)
  physics=3.540e-05; abs RMS residuals=(0.504, 0.118, 0.177); end=(4993782.9,478.7,856.2)
window 2/12: [250.0, 600.0], init=(4993782.9,478.7,856.2)
  physics=2.550e-07; abs RMS residuals=(0.309, 0.0498, 0.0958); end=(4942276.6,3724.9,6695.1)
window 3/12: [600.0, 1090.0], init=(4942276.6,3724.9,6695.1)
  physics=3.271e-08; abs RMS residuals=(0.979, 0.262, 0.327); end=(4363915.6,25609.5,49892.9)
window 4/12: [1090.0, 1776.0], init=(4363915.6,25609.5,49892.9)
  physics=7.943e-08; abs RMS residuals=(9.02, 0.331, 0.964); end=(3830570.5,5149.2,10975.7)
window 5/12: [1776.0, 2736.4], init=(3830570.5,5149.2,10975.7)
  physics=2.224e-08; abs RMS residuals=(2.86, 0.0392, 0.0985); end=(4314486.0,1978.4,3893.0)
window 6/12: [2736.4, 4081.0], init=(4314486.0,1978.4,3893.0)
  physics=2.816e-07; abs RMS residuals=(12.3, 0.194, 0.599); end=(4196797.4,10989.6,22010.1)
window 7/12: [4081.0, 5963.3], init=(4196797.4,10989.6,22010.1)
  physics=2.110e-07; abs RMS residuals=(11.1, 0.21, 0.705); end=(4270662.7,5786.7,11459.4)
window 8/12: [5963.3, 8598.7], init=(4270662.7,5786.7,11459.4)
  physics=3.409e-07; abs RMS residuals=(11.6, 0.26, 0.841); end=(4222129.2,6106.7,12187.3)
window 9/12: [8598.7, 11598.7], init=(4222129.2,6106.7,12187.3)
  physics=2.059e-08; abs RMS residuals=(3.3, 0.0677, 0.192); end=(4214432.6,6459.2,12906.3)
window 10/12: [11598.7, 14598.7], init=(4214432.6,6459.2,12906.3)
  physics=3.454e-08; abs RMS residuals=(5.15, 0.0724, 0.223); end=(4209197.8,6670.4,13339.4)
window 11/12: [14598.7, 17598.7], init=(4209197.8,6670.4,13339.4)
  physics=7.142e-09; abs RMS residuals=(2.8, 0.03, 0.076); end=(4207479.2,6604.6,13211.1)
window 12/12: [17598.7, 20000.0], init=(4207479.2,6604.6,13211.1)
  physics=1.326e-09; abs RMS residuals=(0.629, 0.0311, 0.0294); end=(4208304.8,6591.2,13182.3)
training complete; starting independent RK4 validation
validation metrics:
  S: relL2=8.7076e-04, R2=0.999878, NRMSE=3.1462e-03, maxAE=1.645e+04
  E: relL2=1.1456e-02, R2=0.999667, NRMSE=3.7327e-03, maxAE=391.4
  I: relL2=1.1609e-02, R2=0.999659, NRMSE=3.7626e-03, maxAE=780.8
analytic equilibrium (diagnostic only): [4208333.33333333    6597.22222222   13194.44444444]
PINN endpoint: [4208304.76831406    6591.15264017   13182.33725298] relative endpoint-equilibrium error: [-6.78772735e-06 -9.20020858e-04 -9.17597669e-04]
saved outputs to /kaggle/working/NSSR-Project/SEI_Model/sei_publication_seeds012/EE_m0_seed2
