device=cpu; regime=DFE; d=0.1; R0=0.600000; m=6e-6
model-derived window edges: 0.0, 250.0, 600.0, 1090.0, 1776.0, 2736.4, 4081.0, 5963.3, 8598.7, 11598.7, 14598.7, 17598.7, 20000.0
window 1/12: [0.0, 250.0], init=(4999700.0,200.0,100.0)
  physics=1.459e-05; abs RMS residuals=(0.0519, 0.0262, 0.0463); end=(4999279.1,0.8,2.4)
window 2/12: [250.0, 600.0], init=(4999279.1,0.8,2.4)
  physics=8.482e-08; abs RMS residuals=(0.00281, 1.03e-05, 2.23e-05); end=(4999485.5,0.0,0.0)
window 3/12: [600.0, 1090.0], init=(4999485.5,0.0,0.0)
  physics=4.131e-07; abs RMS residuals=(0.00184, 1.65e-08, 5.98e-08); end=(4999684.9,0.0,0.0)
window 4/12: [1090.0, 1776.0], init=(4999684.9,0.0,0.0)
  physics=8.959e-07; abs RMS residuals=(0.00137, 4.18e-10, 2.33e-10); end=(4999841.3,0.0,0.0)
window 5/12: [1776.0, 2736.4], init=(4999841.3,0.0,0.0)
  physics=6.176e-08; abs RMS residuals=(0.000243, 4.71e-10, 2.12e-10); end=(4999939.3,0.0,0.0)
window 6/12: [2736.4, 4081.0], init=(4999939.3,0.0,0.0)
  physics=3.556e-08; abs RMS residuals=(6.66e-05, 4.04e-10, 1.85e-10); end=(4999984.2,0.0,0.0)
window 7/12: [4081.0, 5963.3], init=(4999984.2,0.0,0.0)
  physics=4.698e-08; abs RMS residuals=(1.69e-05, 3.46e-10, 1.61e-10); end=(4999997.6,0.0,0.0)
window 8/12: [5963.3, 8598.7], init=(4999997.6,0.0,0.0)
  physics=3.394e-08; abs RMS residuals=(3.41e-06, 2.97e-10, 1.39e-10); end=(4999999.8,0.0,0.0)
window 9/12: [8598.7, 11598.7], init=(4999999.8,0.0,0.0)
  physics=5.910e-08; abs RMS residuals=(1.78e-07, 2.8e-10, 1.32e-10); end=(5000000.0,0.0,0.0)
window 10/12: [11598.7, 14598.7], init=(5000000.0,0.0,0.0)
  physics=1.274e-08; abs RMS residuals=(7.82e-09, 2.81e-10, 1.32e-10); end=(5000000.0,0.0,0.0)
window 11/12: [14598.7, 17598.7], init=(5000000.0,0.0,0.0)
  physics=2.929e-08; abs RMS residuals=(3.59e-10, 2.81e-10, 1.32e-10); end=(5000000.0,0.0,0.0)
window 12/12: [17598.7, 20000.0], init=(5000000.0,0.0,0.0)
  physics=3.455e-08; abs RMS residuals=(1.37e-11, 3.1e-10, 1.45e-10); end=(5000000.0,0.0,0.0)
training complete; starting independent RK4 validation
validation metrics:
  S: relL2=5.5194e-08, R2=0.999999, NRMSE=3.6459e-04, maxAE=1.685
  E: relL2=3.6588e-03, R2=0.999986, NRMSE=1.5595e-04, maxAE=0.4593
  I: relL2=4.1346e-03, R2=0.999982, NRMSE=4.7948e-04, maxAE=0.7297
analytic equilibrium (diagnostic only): [5000000.       0.       0.]
PINN endpoint: [5.00000000e+06 1.21400626e-09 3.31220740e-09] relative endpoint-equilibrium error: [-4.61004674e-13  1.21400626e-09  3.31220740e-09]
saved outputs to /kaggle/working/NSSR-Project/SEI_Model/sei_publication_seeds012/DFE_m6e-6_seed1
