device=cpu; regime=DFE; d=0.1; R0=0.600000; m=0
model-derived window edges: 0.0, 250.0, 600.0, 1090.0, 1776.0, 2736.4, 4081.0, 5963.3, 8598.7, 11598.7, 14598.7, 17598.7, 20000.0
window 1/12: [0.0, 250.0], init=(4999700.0,200.0,100.0)
  physics=4.193e-05; abs RMS residuals=(0.0884, 0.0449, 0.0812); end=(4999281.6,0.8,2.4)
window 2/12: [250.0, 600.0], init=(4999281.6,0.8,2.4)
  physics=4.595e-07; abs RMS residuals=(0.00327, 5e-05, 5.71e-05); end=(4999487.2,0.0,0.0)
window 3/12: [600.0, 1090.0], init=(4999487.2,0.0,0.0)
  physics=2.284e-07; abs RMS residuals=(0.00247, 2.01e-08, 6.57e-08); end=(4999685.4,0.0,0.0)
window 4/12: [1090.0, 1776.0], init=(4999685.4,0.0,0.0)
  physics=7.865e-07; abs RMS residuals=(0.00037, 4.18e-10, 2.33e-10); end=(4999841.5,0.0,0.0)
window 5/12: [1776.0, 2736.4], init=(4999841.5,0.0,0.0)
  physics=2.346e-08; abs RMS residuals=(6.11e-05, 4.71e-10, 2.12e-10); end=(4999939.3,0.0,0.0)
window 6/12: [2736.4, 4081.0], init=(4999939.3,0.0,0.0)
  physics=6.045e-08; abs RMS residuals=(6.79e-05, 4.04e-10, 1.85e-10); end=(4999984.2,0.0,0.0)
window 7/12: [4081.0, 5963.3], init=(4999984.2,0.0,0.0)
  physics=3.457e-08; abs RMS residuals=(1.12e-05, 3.46e-10, 1.61e-10); end=(4999997.6,0.0,0.0)
window 8/12: [5963.3, 8598.7], init=(4999997.6,0.0,0.0)
  physics=2.905e-08; abs RMS residuals=(2.07e-06, 2.97e-10, 1.39e-10); end=(4999999.8,0.0,0.0)
window 9/12: [8598.7, 11598.7], init=(4999999.8,0.0,0.0)
  physics=2.688e-08; abs RMS residuals=(1.76e-07, 2.81e-10, 1.32e-10); end=(5000000.0,0.0,0.0)
window 10/12: [11598.7, 14598.7], init=(5000000.0,0.0,0.0)
  physics=2.091e-08; abs RMS residuals=(7.67e-09, 2.81e-10, 1.32e-10); end=(5000000.0,0.0,0.0)
window 11/12: [14598.7, 17598.7], init=(5000000.0,0.0,0.0)
  physics=2.877e-08; abs RMS residuals=(4.73e-10, 2.81e-10, 1.32e-10); end=(5000000.0,0.0,0.0)
window 12/12: [17598.7, 20000.0], init=(5000000.0,0.0,0.0)
  physics=4.783e-08; abs RMS residuals=(6.78e-11, 3.1e-10, 1.45e-10); end=(5000000.0,0.0,0.0)
training complete; starting independent RK4 validation
validation metrics:
  S: relL2=2.0985e-07, R2=0.999982, NRMSE=1.3851e-03, maxAE=3.347
  E: relL2=8.4989e-03, R2=0.999926, NRMSE=3.6242e-04, maxAE=0.9749
  I: relL2=1.1379e-02, R2=0.999865, NRMSE=1.3201e-03, maxAE=1.903
analytic equilibrium (diagnostic only): [5000000.       0.       0.]
PINN endpoint: [5.00000000e+06 1.21193744e-09 3.31548728e-09] relative endpoint-equilibrium error: [-4.63239849e-13  1.21193744e-09  3.31548728e-09]
saved outputs to /kaggle/working/NSSR-Project/SEI_Model/sei_publication_seeds012/DFE_m0_seed2
